// Bun Snapshot v1, https://goo.gl/fbAQLP

exports[`Environment variables 1`] = `
{
  "DISCORD_APP_ID": "app_id",
  "DISCORD_PUBLIC_KEY": "public_key",
  "DISCORD_TOKEN": "bot_token",
}
`;
