// Bun Snapshot v1, https://bun.sh/docs/test/snapshots

exports[`Build bot 1`] = `
{
  "commands": [
    {
      "data": {},
      "exports": null,
      "name": "ping",
      "path": ".dressed/cache/commands/ping.js",
      "uid": "f3bb6220234a3aea7d9af436f5a4ff954ed07062",
    },
  ],
  "components": [
    {
      "data": {
        "category": "buttons",
        "regex": "^button_(?<arg>.+?)$",
        "score": 0.3888888888888889,
      },
      "exports": null,
      "name": "button",
      "path": ".dressed/cache/components/buttons/button.js",
      "uid": "f0944af4572c3d7a91d6da18949f42a57fbcdaaa",
    },
  ],
  "config": {
    "build": {
      "root": "tests/src",
    },
  },
  "events": [
    {
      "data": {
        "type": "APPLICATION_AUTHORIZED",
      },
      "exports": null,
      "name": "ApplicationAuthorized",
      "path": ".dressed/cache/events/ApplicationAuthorized.js",
      "uid": "ea837a77b7c72e4a5512c8ad6ef32484475e767c",
    },
  ],
}
`;
